// Vitest Snapshot v1, https://vitest.dev/guide/snapshot.html

exports[`Password Requirements > match snapshot 1`] = `
<div
  class="password-requirements"
>
   Требования к паролю: 
  <ul
    class="password-requirements__list"
  >
    
    <li
      class="password-requirements__list-item"
    >
      <!--v-if-->
       Длина от 5 до 30 символов
    </li>
    <li
      class="password-requirements__list-item"
    >
      <!--v-if-->
       Минимум одна латинская заглавная буква
    </li>
    <li
      class="password-requirements__list-item"
    >
      <!--v-if-->
       Минимум две латинских строчных буквы
    </li>
    <li
      class="password-requirements__list-item"
    >
      <!--v-if-->
       Минимум одна цифра
    </li>
    <li
      class="password-requirements__list-item"
    >
      <!--v-if-->
       Без пробелов
    </li>
    
  </ul>
</div>
`;
